[2025-08-20T07:46:23.376+0900][0.006s][info][gc] Using G1
[2025-08-20T07:46:23.378+0900][0.007s][info][gc,init] Version: 17.0.16+8-LTS (release)
[2025-08-20T07:46:23.378+0900][0.007s][info][gc,init] CPUs: 32 total, 32 available
[2025-08-20T07:46:23.378+0900][0.007s][info][gc,init] Memory: 32386M
[2025-08-20T07:46:23.378+0900][0.007s][info][gc,init] Large Page Support: Disabled
[2025-08-20T07:46:23.378+0900][0.007s][info][gc,init] NUMA Support: Disabled
[2025-08-20T07:46:23.378+0900][0.007s][info][gc,init] Compressed Oops: Enabled (32-bit)
[2025-08-20T07:46:23.378+0900][0.007s][info][gc,init] Heap Region Size: 1M
[2025-08-20T07:46:23.381+0900][0.010s][info][gc,init] Heap Min Capacity: 256M
[2025-08-20T07:46:23.381+0900][0.010s][info][gc,init] Heap Initial Capacity: 256M
[2025-08-20T07:46:23.381+0900][0.010s][info][gc,init] Heap Max Capacity: 256M
[2025-08-20T07:46:23.381+0900][0.010s][info][gc,init] Pre-touch: Disabled
[2025-08-20T07:46:23.381+0900][0.010s][info][gc,init] Parallel Workers: 23
[2025-08-20T07:46:23.381+0900][0.010s][info][gc,init] Concurrent Workers: 6
[2025-08-20T07:46:23.381+0900][0.010s][info][gc,init] Concurrent Refinement Workers: 23
[2025-08-20T07:46:23.381+0900][0.010s][info][gc,init] Periodic GC: Disabled
[2025-08-20T07:46:23.386+0900][0.015s][info][gc,metaspace] CDS archive(s) mapped at: [0x0000020700000000-0x0000020700bb0000-0x0000020700bb0000), size 12255232, SharedBaseAddress: 0x0000020700000000, ArchiveRelocationMode: 1.
[2025-08-20T07:46:23.386+0900][0.015s][info][gc,metaspace] Compressed class space mapped at: 0x0000020701000000-0x0000020741000000, reserved size: 1073741824
[2025-08-20T07:46:23.386+0900][0.015s][info][gc,metaspace] Narrow klass base: 0x0000020700000000, Narrow klass shift: 0, Narrow klass range: 0x100000000
[2025-08-20T07:46:23.409+0900][0.038s][info][gc,heap,exit] Heap
[2025-08-20T07:46:23.409+0900][0.038s][info][gc,heap,exit]  garbage-first heap   total 262144K, used 2048K [0x00000000f0000000, 0x0000000100000000)
[2025-08-20T07:46:23.409+0900][0.038s][info][gc,heap,exit]   region size 1024K, 2 young (2048K), 0 survivors (0K)
[2025-08-20T07:46:23.409+0900][0.038s][info][gc,heap,exit]  Metaspace       used 335K, committed 448K, reserved 1114112K
[2025-08-20T07:46:23.409+0900][0.038s][info][gc,heap,exit]   class space    used 23K, committed 64K, reserved 1048576K
