[2025-08-20T07:46:53.335+0900][0.009s][info][gc] Using G1
[2025-08-20T07:46:53.336+0900][0.010s][info][gc,init] Version: 17.0.16+8-LTS (release)
[2025-08-20T07:46:53.336+0900][0.010s][info][gc,init] CPUs: 32 total, 32 available
[2025-08-20T07:46:53.336+0900][0.010s][info][gc,init] Memory: 32386M
[2025-08-20T07:46:53.336+0900][0.010s][info][gc,init] Large Page Support: Disabled
[2025-08-20T07:46:53.336+0900][0.010s][info][gc,init] NUMA Support: Disabled
[2025-08-20T07:46:53.336+0900][0.010s][info][gc,init] Compressed Oops: Enabled (32-bit)
[2025-08-20T07:46:53.336+0900][0.010s][info][gc,init] Heap Region Size: 1M
[2025-08-20T07:46:53.336+0900][0.010s][info][gc,init] Heap Min Capacity: 256M
[2025-08-20T07:46:53.336+0900][0.010s][info][gc,init] Heap Initial Capacity: 256M
[2025-08-20T07:46:53.336+0900][0.010s][info][gc,init] Heap Max Capacity: 256M
[2025-08-20T07:46:53.336+0900][0.010s][info][gc,init] Pre-touch: Disabled
[2025-08-20T07:46:53.336+0900][0.010s][info][gc,init] Parallel Workers: 23
[2025-08-20T07:46:53.336+0900][0.010s][info][gc,init] Concurrent Workers: 6
[2025-08-20T07:46:53.336+0900][0.010s][info][gc,init] Concurrent Refinement Workers: 23
[2025-08-20T07:46:53.336+0900][0.010s][info][gc,init] Periodic GC: Disabled
[2025-08-20T07:46:53.342+0900][0.015s][info][gc,metaspace] CDS archive(s) mapped at: [0x0000015f1e000000-0x0000015f1ebb0000-0x0000015f1ebb0000), size 12255232, SharedBaseAddress: 0x0000015f1e000000, ArchiveRelocationMode: 1.
[2025-08-20T07:46:53.342+0900][0.015s][info][gc,metaspace] Compressed class space mapped at: 0x0000015f1f000000-0x0000015f5f000000, reserved size: 1073741824
[2025-08-20T07:46:53.342+0900][0.015s][info][gc,metaspace] Narrow klass base: 0x0000015f1e000000, Narrow klass shift: 0, Narrow klass range: 0x100000000
[2025-08-20T07:46:53.588+0900][0.262s][info][gc,start    ] GC(0) Pause Young (Normal) (G1 Evacuation Pause)
[2025-08-20T07:46:53.589+0900][0.262s][info][gc,task     ] GC(0) Using 6 workers of 23 for evacuation
[2025-08-20T07:46:53.590+0900][0.264s][info][gc,phases   ] GC(0)   Pre Evacuate Collection Set: 0.0ms
[2025-08-20T07:46:53.591+0900][0.264s][info][gc,phases   ] GC(0)   Merge Heap Roots: 0.0ms
[2025-08-20T07:46:53.591+0900][0.264s][info][gc,phases   ] GC(0)   Evacuate Collection Set: 1.7ms
[2025-08-20T07:46:53.591+0900][0.264s][info][gc,phases   ] GC(0)   Post Evacuate Collection Set: 0.3ms
[2025-08-20T07:46:53.591+0900][0.264s][info][gc,phases   ] GC(0)   Other: 0.5ms
[2025-08-20T07:46:53.591+0900][0.264s][info][gc,heap     ] GC(0) Eden regions: 23->0(27)
[2025-08-20T07:46:53.591+0900][0.264s][info][gc,heap     ] GC(0) Survivor regions: 0->3(3)
[2025-08-20T07:46:53.591+0900][0.264s][info][gc,heap     ] GC(0) Old regions: 0->3
[2025-08-20T07:46:53.591+0900][0.264s][info][gc,heap     ] GC(0) Archive regions: 0->0
[2025-08-20T07:46:53.591+0900][0.264s][info][gc,heap     ] GC(0) Humongous regions: 0->0
[2025-08-20T07:46:53.591+0900][0.264s][info][gc,metaspace] GC(0) Metaspace: 8987K(9152K)->8987K(9152K) NonClass: 7918K(8000K)->7918K(8000K) Class: 1068K(1152K)->1068K(1152K)
[2025-08-20T07:46:53.591+0900][0.264s][info][gc          ] GC(0) Pause Young (Normal) (G1 Evacuation Pause) 23M->5M(256M) 2.627ms
[2025-08-20T07:46:53.591+0900][0.264s][info][gc,cpu      ] GC(0) User=0.08s Sys=0.03s Real=0.00s
[2025-08-20T07:47:10.536+0900][17.210s][info][gc,heap,exit] Heap
[2025-08-20T07:47:10.536+0900][17.210s][info][gc,heap,exit]  garbage-first heap   total 262144K, used 15053K [0x00000000f0000000, 0x0000000100000000)
[2025-08-20T07:47:10.536+0900][17.210s][info][gc,heap,exit]   region size 1024K, 13 young (13312K), 3 survivors (3072K)
[2025-08-20T07:47:10.536+0900][17.210s][info][gc,heap,exit]  Metaspace       used 9681K, committed 9920K, reserved 1114112K
[2025-08-20T07:47:10.536+0900][17.210s][info][gc,heap,exit]   class space    used 1154K, committed 1280K, reserved 1048576K
