[2025-08-20T07:51:50.429+0900][0.006s][info][gc] Using G1
[2025-08-20T07:51:50.430+0900][0.008s][info][gc,init] Version: 17.0.16+8-LTS (release)
[2025-08-20T07:51:50.430+0900][0.008s][info][gc,init] CPUs: 32 total, 32 available
[2025-08-20T07:51:50.431+0900][0.008s][info][gc,init] Memory: 32386M
[2025-08-20T07:51:50.431+0900][0.008s][info][gc,init] Large Page Support: Disabled
[2025-08-20T07:51:50.431+0900][0.008s][info][gc,init] NUMA Support: Disabled
[2025-08-20T07:51:50.431+0900][0.008s][info][gc,init] Compressed Oops: Enabled (32-bit)
[2025-08-20T07:51:50.431+0900][0.008s][info][gc,init] Heap Region Size: 1M
[2025-08-20T07:51:50.434+0900][0.011s][info][gc,init] Heap Min Capacity: 256M
[2025-08-20T07:51:50.434+0900][0.011s][info][gc,init] Heap Initial Capacity: 256M
[2025-08-20T07:51:50.434+0900][0.011s][info][gc,init] Heap Max Capacity: 256M
[2025-08-20T07:51:50.434+0900][0.011s][info][gc,init] Pre-touch: Disabled
[2025-08-20T07:51:50.434+0900][0.011s][info][gc,init] Parallel Workers: 23
[2025-08-20T07:51:50.434+0900][0.011s][info][gc,init] Concurrent Workers: 6
[2025-08-20T07:51:50.434+0900][0.011s][info][gc,init] Concurrent Refinement Workers: 23
[2025-08-20T07:51:50.434+0900][0.011s][info][gc,init] Periodic GC: Disabled
[2025-08-20T07:51:50.439+0900][0.016s][info][gc,metaspace] CDS archive(s) mapped at: [0x0000024e58000000-0x0000024e58bb0000-0x0000024e58bb0000), size 12255232, SharedBaseAddress: 0x0000024e58000000, ArchiveRelocationMode: 1.
[2025-08-20T07:51:50.439+0900][0.016s][info][gc,metaspace] Compressed class space mapped at: 0x0000024e59000000-0x0000024e99000000, reserved size: 1073741824
[2025-08-20T07:51:50.439+0900][0.016s][info][gc,metaspace] Narrow klass base: 0x0000024e58000000, Narrow klass shift: 0, Narrow klass range: 0x100000000
[2025-08-20T07:51:50.714+0900][0.291s][info][gc,start    ] GC(0) Pause Young (Normal) (G1 Evacuation Pause)
[2025-08-20T07:51:50.714+0900][0.292s][info][gc,task     ] GC(0) Using 6 workers of 23 for evacuation
[2025-08-20T07:51:50.717+0900][0.294s][info][gc,phases   ] GC(0)   Pre Evacuate Collection Set: 0.0ms
[2025-08-20T07:51:50.717+0900][0.294s][info][gc,phases   ] GC(0)   Merge Heap Roots: 0.0ms
[2025-08-20T07:51:50.717+0900][0.294s][info][gc,phases   ] GC(0)   Evacuate Collection Set: 2.0ms
[2025-08-20T07:51:50.717+0900][0.294s][info][gc,phases   ] GC(0)   Post Evacuate Collection Set: 0.3ms
[2025-08-20T07:51:50.717+0900][0.294s][info][gc,phases   ] GC(0)   Other: 0.3ms
[2025-08-20T07:51:50.717+0900][0.294s][info][gc,heap     ] GC(0) Eden regions: 23->0(26)
[2025-08-20T07:51:50.717+0900][0.294s][info][gc,heap     ] GC(0) Survivor regions: 0->3(3)
[2025-08-20T07:51:50.717+0900][0.294s][info][gc,heap     ] GC(0) Old regions: 0->3
[2025-08-20T07:51:50.717+0900][0.294s][info][gc,heap     ] GC(0) Archive regions: 0->0
[2025-08-20T07:51:50.717+0900][0.294s][info][gc,heap     ] GC(0) Humongous regions: 0->0
[2025-08-20T07:51:50.717+0900][0.294s][info][gc,metaspace] GC(0) Metaspace: 9439K(9600K)->9439K(9600K) NonClass: 8316K(8384K)->8316K(8384K) Class: 1122K(1216K)->1122K(1216K)
[2025-08-20T07:51:50.717+0900][0.294s][info][gc          ] GC(0) Pause Young (Normal) (G1 Evacuation Pause) 23M->5M(256M) 2.779ms
[2025-08-20T07:51:50.717+0900][0.294s][info][gc,cpu      ] GC(0) User=0.06s Sys=0.03s Real=0.00s
[2025-08-20T07:52:21.401+0900][30.979s][info][gc,heap,exit] Heap
[2025-08-20T07:52:21.402+0900][30.979s][info][gc,heap,exit]  garbage-first heap   total 262144K, used 19621K [0x00000000f0000000, 0x0000000100000000)
[2025-08-20T07:52:21.402+0900][30.979s][info][gc,heap,exit]   region size 1024K, 17 young (17408K), 3 survivors (3072K)
[2025-08-20T07:52:21.402+0900][30.979s][info][gc,heap,exit]  Metaspace       used 9684K, committed 9920K, reserved 1114112K
[2025-08-20T07:52:21.402+0900][30.979s][info][gc,heap,exit]   class space    used 1156K, committed 1280K, reserved 1048576K
